<html>
<body>
<pre>
<h1>µVision Build Log</h1>
<h2>Tool Versions:</h2>
IDE-Version: ¦ÌVision V5.25.2.0
Copyright (C) 2018 ARM Ltd and ARM Germany GmbH. All rights reserved.
License Information: yangyuanxin morixinguan, SRED, LIC=FQQMA-1H5S6-AWK2F-6CUIU-ARN72-F3XLA
 
Tool Versions:
Toolchain:       MDK-ARM Professional  Version: 5.25.2.0
Toolchain Path:  C:\Keil_v5\ARM\ARMCC\Bin
C Compiler:      Armcc.exe V5.06 update 6 (build 750)
Assembler:       Armasm.exe V5.06 update 6 (build 750)
Linker/Locator:  ArmLink.exe V5.06 update 6 (build 750)
Library Manager: ArmAr.exe V5.06 update 6 (build 750)
Hex Converter:   FromElf.exe V5.06 update 6 (build 750)
CPU DLL:         SARMCM3.DLL V5.25.2.0
Dialog DLL:      DCM.DLL V1.17.1.0
Target DLL:      STLink\ST-LINKIII-KEIL_SWO.dll V3.0.1.0
Dialog DLL:      TCM.DLL V1.35.1.0
 
<h2>Project:</h2>
D:\Github\TencentOS-Tiny-IoT-Projects\2.TencentOS-tiny Dart formaldehyde gas detector\00.src_code\board\MDK-ARM\main.uvprojx
Project File Date:  12/03/2020

<h2>Output:</h2>
*** Using Compiler 'V5.06 update 6 (build 750)', folder: 'C:\Keil_v5\ARM\ARMCC\Bin'
Rebuild target 'main'
assembling startup_stm32l431xx.s...
compiling gpio.c...
compiling rtc.c...
compiling adc.c...
compiling sdmmc.c...
compiling dma.c...
compiling main.c...
compiling usart.c...
compiling spi.c...
compiling tim.c...
compiling stm32l4xx_hal_i2c_ex.c...
compiling stm32l4xx_hal.c...
compiling stm32l4xx_hal_msp.c...
compiling stm32l4xx_it.c...
compiling stm32l4xx_hal_adc_ex.c...
compiling stm32l4xx_hal_adc.c...
compiling stm32l4xx_hal_i2c.c...
compiling stm32l4xx_hal_flash.c...
compiling stm32l4xx_hal_rcc.c...
compiling stm32l4xx_hal_flash_ramfunc.c...
compiling stm32l4xx_hal_flash_ex.c...
compiling stm32l4xx_hal_gpio.c...
compiling stm32l4xx_hal_rcc_ex.c...
compiling stm32l4xx_hal_dma.c...
compiling stm32l4xx_hal_dma_ex.c...
compiling stm32l4xx_hal_pwr.c...
compiling stm32l4xx_hal_pwr_ex.c...
compiling stm32l4xx_hal_cortex.c...
compiling stm32l4xx_hal_exti.c...
compiling stm32l4xx_hal_uart_ex.c...
compiling stm32l4xx_hal_rtc.c...
compiling stm32l4xx_hal_sd_ex.c...
compiling stm32l4xx_hal_rtc_ex.c...
compiling stm32l4xx_hal_uart.c...
compiling stm32l4xx_ll_sdmmc.c...
compiling stm32l4xx_hal_spi_ex.c...
compiling stm32l4xx_hal_sd.c...
compiling stm32l4xx_hal_spi.c...
compiling system_stm32l4xx.c...
compiling dictionary.c...
compiling dart_sensor.c...
compiling stm32l4xx_hal_tim_ex.c...
compiling cmd.c...
compiling iniparser.c...
compiling key.c...
compiling stm32l4xx_hal_tim.c...
compiling lcd_driver.c...
compiling filesystem.c...
compiling lcd_spi2_drv.c...
compiling lcd_driver_frame.c...
compiling menu.c...
compiling menu_ui.c...
compiling lcd_device.c...
compiling log_ui.c...
compiling conf_ui.c...
compiling para_ui.c...
compiling datetime_ui.c...
compiling main_ui.c...
compiling recovery_ui.c...
compiling password_ui.c...
compiling version_info_ui.c...
compiling logic.c...
compiling para.c...
compiling bsp_driver_sd.c...
compiling bsp_bmp.c...
compiling app_init.c...
compiling lcd_plot_display.c...
compiling sd_diskio.c...
compiling fatfs.c...
compiling diskio.c...
compiling ff_gen_drv.c...
assembling port_s.S...
compiling syscall.c...
compiling port_c.c...
compiling tos_hal_uart.c...
compiling cc936.c...
compiling tos_at.c...
compiling tos_cpu.c...
compiling ff.c...
compiling tos_barrier.c...
compiling tos_binary_heap.c...
compiling tos_bitmap.c...
compiling tos_char_fifo.c...
compiling tos_countdownlatch.c...
compiling tos_completion.c...
compiling tos_global.c...
compiling tos_event.c...
compiling tos_mail_queue.c...
compiling tos_message_queue.c...
compiling tos_mmblk.c...
compiling tos_mutex.c...
compiling tos_mmheap.c...
compiling tos_pend.c...
compiling tos_priority_mail_queue.c...
compiling tos_priority_message_queue.c...
compiling tos_priority_queue.c...
compiling tos_ring_queue.c...
compiling tos_robin.c...
compiling tos_rwlock.c...
compiling tos_sem.c...
compiling tos_sched.c...
compiling tos_stopwatch.c...
compiling tos_sys.c...
compiling tos_task.c...
compiling tos_tick.c...
compiling tos_time.c...
compiling tos_timer.c...
compiling sal_module_wrapper.c...
compiling cmsis_os.c...
compiling esp8266.c...
compiling tos_at_socket_lib.c...
compiling tos_at_socket.c...
compiling tos_at_socket_prv.c...
linking...
Program Size: Code=70332 RO-data=32696 RW-data=2352 ZI-data=46304  
FromELF: creating hex file...
"main\main.axf" - 0 Error(s), 0 Warning(s).

<h2>Software Packages used:</h2>

Package Vendor: ARM
                http://www.keil.com/pack/ARM.CMSIS.5.3.0.pack
                ARM.CMSIS.5.3.0
                CMSIS (Cortex Microcontroller Software Interface Standard)
   * Component: CORE Version: 5.1.1

Package Vendor: Keil
                http://www.keil.com/pack/Keil.STM32L4xx_DFP.2.0.0.pack
                Keil.STM32L4xx_DFP.2.0.0
                STMicroelectronics STM32L4 Series Device Support, Drivers and Examples

<h2>Collection of Component include folders:</h2>
  .\RTE\_main
  C:\Keil_v5\ARM\PACK\ARM\CMSIS\5.3.0\CMSIS\Include
  C:\Keil_v5\ARM\PACK\Keil\STM32L4xx_DFP\2.0.0\Drivers\CMSIS\Device\ST\STM32L4xx\Include

<h2>Collection of Component Files used:</h2>

   * Component: ARM::CMSIS:CORE:5.1.1
Build Time Elapsed:  00:00:18
</pre>
</body>
</html>
